---
source: crates/decorous-frontend/src/component/mod.rs
expression: component.fragment_tree
---
[
    Node {
        metadata: FragmentMetadata {
            id: 0,
            parent_id: None,
            location: Location {
                offset: 2,
                length: 42,
            },
            scope: None,
        },
        node_type: SpecialBlock(
            For(
                ForBlock {
                    binding: "i",
                    index: None,
                    expr: EXPR_STMT@1..10
                      ARRAY_EXPR@1..10
                        L_BRACK@1..2 "["
                        LITERAL@2..3
                          NUMBER@2..3 "1"
                        COMMA@3..4 ","
                        WHITESPACE@4..5 " "
                        LITERAL@5..6
                          NUMBER@5..6 "2"
                        COMMA@6..7 ","
                        WHITESPACE@7..8 " "
                        LITERAL@8..9
                          NUMBER@8..9 "3"
                        R_BRACK@9..10 "]"
                    ,
                    inner: [
                        Node {
                            metadata: FragmentMetadata {
                                id: 1,
                                parent_id: Some(
                                    0,
                                ),
                                location: Location {
                                    offset: 23,
                                    length: 14,
                                },
                                scope: Some(
                                    0,
                                ),
                            },
                            node_type: Element(
                                Element {
                                    tag: "div",
                                    attrs: [],
                                    children: [
                                        Node {
                                            metadata: FragmentMetadata {
                                                id: 2,
                                                parent_id: Some(
                                                    1,
                                                ),
                                                location: Location {
                                                    offset: 26,
                                                    length: 8,
                                                },
                                                scope: Some(
                                                    0,
                                                ),
                                            },
                                            node_type: Text(
                                                Text(
                                                    "hello",
                                                ),
                                            ),
                                        },
                                    ],
                                },
                            ),
                        },
                    ],
                },
            ),
        ),
    },
]
