---
source: crates/decorous-frontend/src/component/mod.rs
expression: component.fragment_tree
---
[
    Node {
        metadata: FragmentMetadata {
            id: 0,
            parent_id: None,
            location: Location {
                offset: 1,
                length: 33,
            },
            scope: None,
        },
        node_type: Element(
            Element {
                tag: "div",
                attrs: [],
                children: [
                    Node {
                        metadata: FragmentMetadata {
                            id: 1,
                            parent_id: Some(
                                0,
                            ),
                            location: Location {
                                offset: 6,
                                length: 12,
                            },
                            scope: None,
                        },
                        node_type: Element(
                            Element {
                                tag: "span",
                                attrs: [],
                                children: [
                                    Node {
                                        metadata: FragmentMetadata {
                                            id: 2,
                                            parent_id: Some(
                                                1,
                                            ),
                                            location: Location {
                                                offset: 11,
                                                length: 6,
                                            },
                                            scope: None,
                                        },
                                        node_type: Text(
                                            Text(
                                                "hello",
                                            ),
                                        ),
                                    },
                                ],
                            },
                        ),
                    },
                    Node {
                        metadata: FragmentMetadata {
                            id: 3,
                            parent_id: Some(
                                0,
                            ),
                            location: Location {
                                offset: 18,
                                length: 13,
                            },
                            scope: None,
                        },
                        node_type: Element(
                            Element {
                                tag: "span",
                                attrs: [],
                                children: [
                                    Node {
                                        metadata: FragmentMetadata {
                                            id: 4,
                                            parent_id: Some(
                                                3,
                                            ),
                                            location: Location {
                                                offset: 23,
                                                length: 7,
                                            },
                                            scope: None,
                                        },
                                        node_type: Text(
                                            Text(
                                                "hello2",
                                            ),
                                        ),
                                    },
                                ],
                            },
                        ),
                    },
                ],
            },
        ),
    },
]
