---
source: crates/decorous-frontend/src/component/mod.rs
expression: component.toplevel_nodes()
---
[
    ToplevelNodeData {
        node: VAR_DECL@1..11
          IDENT@1..4 "let"
          WHITESPACE@4..5 " "
          DECLARATOR@5..10
            SINGLE_PATTERN@5..6
              NAME@5..6
                IDENT@5..6 "x"
            WHITESPACE@6..7 " "
            EQ@7..8 "="
            WHITESPACE@8..9 " "
            LITERAL@9..10
              NUMBER@9..10 "3"
          SEMICOLON@10..11 ";"
        ,
        substitute_assign_refs: true,
    },
    ToplevelNodeData {
        node: FN_DECL@12..42
          FUNCTION_KW@12..20 "function"
          WHITESPACE@20..21 " "
          NAME@21..25
            IDENT@21..25 "func"
          PARAMETER_LIST@25..27
            L_PAREN@25..26 "("
            R_PAREN@26..27 ")"
          WHITESPACE@27..28 " "
          BLOCK_STMT@28..42
            L_CURLY@28..29 "{"
            WHITESPACE@29..30 " "
            RETURN_STMT@30..40
              RETURN_KW@30..36 "return"
              WHITESPACE@36..37 " "
              LITERAL@37..39
                NUMBER@37..39 "33"
              SEMICOLON@39..40 ";"
            WHITESPACE@40..41 " "
            R_CURLY@41..42 "}"
        ,
        substitute_assign_refs: true,
    },
    ToplevelNodeData {
        node: EMPTY_STMT@42..43
          SEMICOLON@42..43 ";"
        ,
        substitute_assign_refs: false,
    },
    ToplevelNodeData {
        node: EXPR_STMT@44..53
          NAME_REF@44..52
            IDENT@44..52 "variable"
          SEMICOLON@52..53 ";"
        ,
        substitute_assign_refs: false,
    },
]
