---
source: crates/decorous-frontend/src/parser/mod.rs
expression: ast
---
Err(
    ParseError {
        fragment: Location {
            offset: 30,
            length: 1,
        },
        help: None,
        err_type: ExpectedAny(
            [
                "an attribute name",
                "colon binding (i.e. `:bind`)",
                "event handler (i.e. `@event`)",
            ],
        ),
    },
)
