---
source: crates/decorous-frontend/src/parser/mod.rs
expression: parse(input.into())
---
Err(
    Report {
        errors: [
            ParseError {
                fragment: Location {
                    offset: 10,
                    length: 1,
                    line: 1,
                    column: 11,
                },
                help: Some(
                    Help {
                        corresponding_line: None,
                        message: "value-less event handlers are not allowed",
                    },
                ),
                err_type: ExpectedCharacter(
                    '=',
                ),
            },
        ],
    },
)
