---
source: crates/decorous-frontend/src/parser/mod.rs
expression: parse(input.into())
---
Err(
    Report {
        errors: [
            ParseError {
                fragment: Location {
                    offset: 12,
                    length: 1,
                    line: 1,
                    column: 13,
                },
                help: Some(
                    Help {
                        corresponding_line: None,
                        message: "mustache was never closed",
                    },
                ),
                err_type: ExpectedCharacter(
                    '}',
                ),
            },
        ],
    },
)
