---
source: crates/decorous-frontend/src/parser/mod.rs
expression: parse(input.into())
---
Err(
    Report {
        diagnostics: [
            Diagnostic {
                msg: "parser error: invalid character, expected {",
                severity: Error,
                helpers: [
                    Helper {
                        msg: "here",
                        span: 11..12,
                    },
                ],
                offset: 11,
                note: Some(
                    "expected because event handlers must always have curly braces as their values",
                ),
            },
        ],
    },
)
