---
source: crates/decorous-frontend/src/parser/mod.rs
expression: element(input.into())
---
Ok(
    (
        LocatedSpan {
            offset: 23,
            line: 1,
            fragment: "",
            extra: (),
        },
        Element {
            tag: "div",
            attrs: [
                KeyValue(
                    "hello",
                    Some(
                        Literal(
                            "world",
                        ),
                    ),
                ),
            ],
            children: [],
        },
    ),
)
