---
source: crates/decorous-frontend/src/parser/mod.rs
expression: attribute(input.into())
---
Err(
    Failure(
        Report {
            errors: [
                ParseError {
                    fragment: LocatedSpan {
                        offset: 6,
                        line: 1,
                        fragment: "",
                        extra: (),
                    },
                    help: Some(
                        Help {
                            corresponding_line: None,
                            message: "value-less event handlers are not allowed",
                        },
                    ),
                    err_type: ExpectedCharacter(
                        '=',
                    ),
                },
            ],
        },
    ),
)
