---
source: crates/decorous-frontend/src/parser/mod.rs
expression: ast
---
Ok(
    DecorousAst {
        nodes: [
            Node {
                metadata: Location {
                    offset: 1,
                    length: 23,
                },
                node_type: Element(
                    Element {
                        tag: "div",
                        attrs: [
                            KeyValue(
                                "hello",
                                Some(
                                    Literal(
                                        "你好",
                                    ),
                                ),
                            ),
                        ],
                        children: [],
                    },
                ),
            },
        ],
        script: None,
        css: None,
        wasm: None,
        comptime: None,
    },
)
