---
source: crates/decorous-frontend/src/parser/mod.rs
expression: parse(input.into())
---
Err(
    Report {
        diagnostics: [
            Diagnostic {
                msg: "parser error: cannot have more than one WebAssembly block",
                severity: Error,
                helpers: [
                    Helper {
                        msg: "here",
                        span: 30..31,
                    },
                ],
                offset: 30,
                note: None,
            },
        ],
    },
)
