---
source: crates/decorous-frontend/src/parser/mod.rs
expression: ast
---
Err(
    Report {
        errors: [
            ParseError {
                fragment: Location {
                    offset: 25,
                    length: 1,
                    line: 1,
                    column: 26,
                },
                help: None,
                err_type: CannotHaveTwoStyles,
            },
        ],
    },
)
