---
source: crates/decorous-frontend/src/parser/mod.rs
expression: parse(input.into())
---
Err(
    Report {
        errors: [
            ParseError {
                fragment: Location {
                    offset: 5,
                    length: 1,
                    line: 1,
                    column: 6,
                },
                help: Some(
                    Help {
                        corresponding_line: None,
                        message: "replace this tag with the expected!",
                    },
                ),
                err_type: InvalidClosingTag(
                    "div",
                ),
            },
        ],
    },
)
