---
source: crates/decorous-frontend/src/parser/mod.rs
expression: ast
---
Ok(
    DecorousAst {
        nodes: [
            Node {
                metadata: Location {
                    offset: 1,
                    length: 9,
                },
                node_type: Element(
                    Element {
                        tag: "div",
                        attrs: [],
                        children: [],
                    },
                ),
            },
            Node {
                metadata: Location {
                    offset: 10,
                    length: 7,
                },
                node_type: Comment(
                    Comment(
                        " hello!",
                    ),
                ),
            },
        ],
        script: None,
        css: None,
        wasm: None,
        comptime: None,
    },
)
