---
source: crates/decorous-frontend/src/parser/mod.rs
expression: parse(input.into())
---
Err(
    Report {
        errors: [
            ParseError {
                fragment: Location {
                    offset: 4,
                    length: 1,
                    line: 1,
                    column: 5,
                },
                help: Some(
                    Help {
                        corresponding_line: Some(
                            1,
                        ),
                        message: "tag never closed",
                    },
                ),
                err_type: UnclosedTag(
                    "div",
                    1,
                ),
            },
        ],
    },
)
