---
source: crates/decorous-frontend/src/parser/mod.rs
expression: parse(input.into())
---
Err(
    Report {
        diagnostics: [
            Diagnostic {
                msg: "parser error: css parsing error: parse error: expected: ;",
                severity: Error,
                helpers: [
                    Helper {
                        msg: "from here",
                        span: 10..11,
                    },
                    Helper {
                        msg: "here",
                        span: 32..33,
                    },
                ],
                offset: 32,
                note: Some(
                    "declaration needs a closing semicolon",
                ),
            },
        ],
    },
)
