---
source: crates/decorous-frontend/src/parser/mod.rs
expression: ast
---
Ok(
    DecorousAst {
        nodes: [
            Node {
                metadata: Location {
                    offset: 1,
                    length: 31,
                },
                node_type: Mustache(
                    Mustache(
                        ARROW_EXPR@0..30
                          PARAMETER_LIST@0..2
                            L_PAREN@0..1 "("
                            R_PAREN@1..2 ")"
                          WHITESPACE@2..3 " "
                          FAT_ARROW@3..5 "=>"
                          WHITESPACE@5..6 " "
                          BLOCK_STMT@6..28
                            L_CURLY@6..7 "{"
                            WHITESPACE@7..8 " "
                            EXPR_STMT@8..26
                              CALL_EXPR@8..25
                                DOT_EXPR@8..19
                                  NAME_REF@8..15
                                    IDENT@8..15 "console"
                                  DOT@15..16 "."
                                  NAME@16..19
                                    IDENT@16..19 "log"
                                ARG_LIST@19..25
                                  L_PAREN@19..20 "("
                                  LITERAL@20..24
                                    STRING@20..24 "\"hi\""
                                  R_PAREN@24..25 ")"
                              SEMICOLON@25..26 ";"
                            WHITESPACE@26..27 " "
                            R_CURLY@27..28 "}"
                          WHITESPACE@28..30 "  "
                        ,
                    ),
                ),
            },
        ],
        script: None,
        css: None,
        wasm: None,
        comptime: None,
    },
)
