---
source: crates/decorous-frontend/src/parser/mod.rs
expression: ast
---
Ok(
    DecorousAst {
        nodes: [
            Node {
                metadata: Location {
                    offset: 1,
                    length: 18,
                },
                node_type: Element(
                    Element {
                        tag: "div",
                        attrs: [],
                        children: [
                            Node {
                                metadata: Location {
                                    offset: 6,
                                    length: 10,
                                },
                                node_type: Element(
                                    Element {
                                        tag: "ul",
                                        attrs: [],
                                        children: [],
                                    },
                                ),
                            },
                        ],
                    },
                ),
            },
        ],
        script: None,
        css: None,
        wasm: None,
        comptime: None,
    },
)
