---
source: crates/decorous-frontend/src/parser/mod.rs
expression: parse(input.into())
---
Err(
    Report {
        errors: [
            ParseError {
                fragment: Location {
                    offset: 32,
                    length: 1,
                    line: 1,
                    column: 33,
                },
                help: Some(
                    Help {
                        corresponding_line: Some(
                            1,
                        ),
                        message: "declaration needs a closing semicolon",
                    },
                ),
                err_type: CssParsingError(
                    ParseError {
                        fragment: Location {
                            offset: 16,
                            length: 1,
                            line: 1,
                            column: 16,
                        },
                        help: Some(
                            Help {
                                corresponding_line: Some(
                                    1,
                                ),
                                message: "declaration needs a closing semicolon",
                            },
                        ),
                        err_type: ExpectedCharacter(
                            ';',
                        ),
                    },
                ),
            },
        ],
    },
)
