---
source: crates/decorous-frontend/src/parser/mod.rs
expression: parse(input.into())
---
Err(
    Report {
        diagnostics: [
            Diagnostic {
                msg: "parser error: expected closing tag. If you meant to escape the slash, use '\\/'",
                severity: Error,
                helpers: [
                    Helper {
                        msg: "here",
                        span: 0..1,
                    },
                ],
                offset: 0,
                note: Some(
                    "escape the slash with \\/",
                ),
            },
        ],
    },
)
