---
source: crates/decorous-frontend/src/parser/mod.rs
expression: parse(input.into())
---
Err(
    Report {
        errors: [
            ParseError {
                fragment: Location {
                    offset: 35,
                    length: 1,
                    line: 1,
                    column: 36,
                },
                help: None,
                err_type: CannotHaveTwoStyles,
            },
        ],
    },
)
