---
source: crates/decorous-frontend/src/parser/mod.rs
expression: parse(input.into())
---
Ok(
    DecorousAst {
        nodes: [],
        script: None,
        css: None,
        wasm: None,
        comptime: Some(
            Code {
                lang: "js",
                body: " console.log(\"hello\"); ",
                offset: 12,
                comptime: true,
            },
        ),
    },
)
