---
source: crates/decorous-frontend/src/parser/mod.rs
expression: nodes(input.into())
---
Ok(
    (
        LocatedSpan {
            offset: 29,
            line: 1,
            fragment: "",
            extra: (),
        },
        [
            Node {
                metadata: Location {
                    offset: 0,
                    length: 8,
                },
                node_type: Element(
                    Element {
                        tag: "div",
                        attrs: [],
                        children: [],
                    },
                ),
            },
            Node {
                metadata: Location {
                    offset: 8,
                    length: 16,
                },
                node_type: Element(
                    Element {
                        tag: "div",
                        attrs: [],
                        children: [
                            Node {
                                metadata: Location {
                                    offset: 13,
                                    length: 6,
                                },
                                node_type: Text(
                                    Text(
                                        "hello",
                                    ),
                                ),
                            },
                        ],
                    },
                ),
            },
            Node {
                metadata: Location {
                    offset: 24,
                    length: 5,
                },
                node_type: Text(
                    Text(
                        "hello",
                    ),
                ),
            },
        ],
    ),
)
