---
source: crates/decorous-frontend/src/parser/mod.rs
expression: parse(input.into())
---
Ok(
    DecorousAst {
        nodes: [
            Node {
                metadata: Location {
                    offset: 0,
                    length: 12,
                    line: 1,
                    column: 1,
                },
                node_type: Element(
                    Element {
                        tag: "p",
                        attrs: [],
                        children: [
                            Node {
                                metadata: Location {
                                    offset: 3,
                                    length: 6,
                                    line: 1,
                                    column: 4,
                                },
                                node_type: Text(
                                    Text(
                                        "Hello",
                                    ),
                                ),
                            },
                        ],
                    },
                ),
            },
        ],
        script: None,
        css: Some(
            Css {
                rules: [
                    Regular(
                        RegularRule {
                            selector: Selector {
                                parts: [
                                    SelectorPart {
                                        text: Some(
                                            "p",
                                        ),
                                        pseudoes: [],
                                    },
                                ],
                            },
                            declarations: [
                                Declaration {
                                    name: "color",
                                    values: [
                                        Css(
                                            "blue",
                                        ),
                                    ],
                                },
                            ],
                        },
                    ),
                ],
            },
        ),
        wasm: None,
    },
)
