---
source: crates/decorous-frontend/src/parser/mod.rs
expression: ast
---
Ok(
    DecorousAst {
        nodes: [
            Node {
                metadata: Location {
                    offset: 2,
                    length: 38,
                },
                node_type: SpecialBlock(
                    For(
                        ForBlock {
                            binding: "i",
                            index: None,
                            expr: ARRAY_EXPR@0..10
                              WHITESPACE@0..1 " "
                              L_BRACK@1..2 "["
                              LITERAL@2..3
                                NUMBER@2..3 "1"
                              COMMA@3..4 ","
                              WHITESPACE@4..5 " "
                              LITERAL@5..6
                                NUMBER@5..6 "2"
                              COMMA@6..7 ","
                              WHITESPACE@7..8 " "
                              LITERAL@8..9
                                NUMBER@8..9 "3"
                              R_BRACK@9..10 "]"
                            ,
                            inner: [
                                Node {
                                    metadata: Location {
                                        offset: 23,
                                        length: 10,
                                    },
                                    node_type: Element(
                                        Element {
                                            tag: "p",
                                            attrs: [],
                                            children: [
                                                Node {
                                                    metadata: Location {
                                                        offset: 24,
                                                        length: 8,
                                                    },
                                                    node_type: Text(
                                                        Text(
                                                            "hello",
                                                        ),
                                                    ),
                                                },
                                            ],
                                        },
                                    ),
                                },
                            ],
                        },
                    ),
                ),
            },
        ],
        script: None,
        css: None,
        wasm: None,
        comptime: None,
    },
)
