---
source: crates/decorous-frontend/src/parser/mod.rs
expression: ast
---
Ok(
    DecorousAst {
        nodes: [
            Node {
                metadata: Location {
                    offset: 1,
                    length: 39,
                },
                node_type: Element(
                    Element {
                        tag: "div",
                        attrs: [],
                        children: [
                            Node {
                                metadata: Location {
                                    offset: 4,
                                    length: 7,
                                },
                                node_type: Text(
                                    Text(
                                        "text ",
                                    ),
                                ),
                            },
                            Node {
                                metadata: Location {
                                    offset: 11,
                                    length: 9,
                                },
                                node_type: Mustache(
                                    Mustache(
                                        NAME_REF@0..8
                                          IDENT@0..8 "mustache"
                                        ,
                                    ),
                                ),
                            },
                            Node {
                                metadata: Location {
                                    offset: 20,
                                    length: 8,
                                },
                                node_type: Text(
                                    Text(
                                        " hello ",
                                    ),
                                ),
                            },
                            Node {
                                metadata: Location {
                                    offset: 28,
                                    length: 7,
                                },
                                node_type: Element(
                                    Element {
                                        tag: "div",
                                        attrs: [],
                                        children: [],
                                    },
                                ),
                            },
                        ],
                    },
                ),
            },
        ],
        script: None,
        css: None,
        wasm: None,
        comptime: None,
    },
)
