---
source: crates/decorous-frontend/src/parser/mod.rs
expression: style(input.into())
---
Ok(
    (
        LocatedSpan {
            offset: 34,
            line: 1,
            fragment: "",
            extra: (),
        },
        Css {
            rules: [
                Regular(
                    RegularRule {
                        selector: Selector {
                            parts: [
                                SelectorPart {
                                    text: Some(
                                        "body",
                                    ),
                                    pseudoes: [],
                                },
                            ],
                        },
                        declarations: [
                            Declaration {
                                name: "height",
                                values: [
                                    Css(
                                        "100vh",
                                    ),
                                ],
                            },
                        ],
                    },
                ),
            ],
        },
    ),
)
