---
source: crates/decorous-frontend/src/parser/mod.rs
expression: parse(input.into())
---
Err(
    Report {
        diagnostics: [
            Diagnostic {
                msg: "parser error: unclosed tag: div",
                severity: Error,
                helpers: [
                    Helper {
                        msg: "from here",
                        span: 1..2,
                    },
                    Helper {
                        msg: "here",
                        span: 4..5,
                    },
                ],
                offset: 4,
                note: Some(
                    "tag never closed",
                ),
            },
        ],
    },
)
