---
source: crates/decorous-frontend/src/parser/mod.rs
expression: attribute(input.into())
---
Err(
    Failure(
        Report(
            Report {
                diagnostics: [
                    Diagnostic {
                        msg: "parser error: invalid character, expected :",
                        severity: Error,
                        helpers: [
                            Helper {
                                msg: "here",
                                span: 8..9,
                            },
                        ],
                        offset: 8,
                        note: Some(
                            "expected because binding was started with \":\"",
                        ),
                    },
                ],
            },
        ),
    ),
)
