---
source: crates/decorous-frontend/src/parser/mod.rs
expression: ast
---
Ok(
    DecorousAst {
        nodes: [],
        script: None,
        css: None,
        wasm: Some(
            Code {
                lang: "wasm",
                body: " let x = 3; ",
                offset: 2,
                comptime: false,
            },
        ),
        comptime: None,
    },
)
