---
source: crates/decorous-frontend/src/parser/mod.rs
expression: parse(input.into())
---
Ok(
    DecorousAst {
        nodes: [
            Node {
                metadata: Location {
                    offset: 0,
                    length: 13,
                },
                node_type: SpecialBlock(
                    Use(
                        UseBlock {
                            path: "path",
                        },
                    ),
                ),
            },
            Node {
                metadata: Location {
                    offset: 13,
                    length: 1,
                },
                node_type: Text(
                    Text(
                        " ",
                    ),
                ),
            },
            Node {
                metadata: Location {
                    offset: 14,
                    length: 11,
                },
                node_type: Element(
                    Element {
                        tag: "p",
                        attrs: [],
                        children: [
                            Node {
                                metadata: Location {
                                    offset: 17,
                                    length: 6,
                                },
                                node_type: Text(
                                    Text(
                                        "hello",
                                    ),
                                ),
                            },
                        ],
                    },
                ),
            },
        ],
        script: None,
        css: None,
        wasm: None,
        comptime: None,
    },
)
