---
source: crates/decorous-frontend/src/parser/mod.rs
expression: element(input.into())
---
Err(
    Failure(
        Report(
            Report {
                diagnostics: [
                    Diagnostic {
                        msg: "parser error: invalid character, expected \"",
                        severity: Error,
                        helpers: [
                            Helper {
                                msg: "here",
                                span: 15..16,
                            },
                        ],
                        offset: 15,
                        note: Some(
                            "quote was never closed",
                        ),
                    },
                ],
            },
        ),
    ),
)
