---
source: crates/decorous-frontend/src/parser/mod.rs
expression: parse(input.into())
---
Err(
    Report {
        diagnostics: [
            Diagnostic {
                msg: "parser error: parse error in JavaScript: expected an expression, but found `;` instead",
                severity: Error,
                helpers: [
                    Helper {
                        msg: "here",
                        span: 14..15,
                    },
                ],
                offset: 14,
                note: None,
            },
        ],
    },
)
