---
source: crates/decorous-frontend/src/parser/mod.rs
expression: element(input.into())
---
Err(
    Failure(
        Report {
            errors: [
                ParseError {
                    fragment: LocatedSpan {
                        offset: 4,
                        line: 1,
                        fragment: "",
                        extra: (),
                    },
                    help: Some(
                        Help {
                            corresponding_line: Some(
                                1,
                            ),
                            message: "tag never closed",
                        },
                    ),
                    err_type: UnclosedTag(
                        "div",
                        1,
                    ),
                },
            ],
        },
    ),
)
