---
source: crates/decorous-frontend/src/parser/mod.rs
expression: element(input.into())
---
Ok(
    (
        LocatedSpan {
            offset: 5,
            line: 1,
            fragment: "",
            extra: (),
        },
        Element {
            tag: "div",
            attrs: [],
            children: [],
        },
    ),
)
