---
source: crates/decorous-frontend/src/parser/mod.rs
expression: ast
---
Err(
    ParseError {
        fragment: Location {
            offset: 12,
            length: 3,
        },
        help: None,
        err_type: CssParsingError(
            ParseError {
                fragment: Location {
                    offset: 16,
                    length: 1,
                },
                help: Some(
                    Help {
                        corresponding_span: Some(
                            10..11,
                        ),
                        message: "declaration needs a closing semicolon",
                    },
                ),
                err_type: ExpectedCharacter(
                    ';',
                ),
            },
        ),
    },
)
