---
source: crates/decorous-backend/src/prerender/mod.rs
expression: output
---
const dirty = new Uint8Array(new ArrayBuffer(1));
const elems = {"0":replace(document.getElementById("0")),};
function replace(node) {
  const text = document.createTextNode("");
  node.replaceWith(text);
  return text;
}
function __init_ctx() {
  let x = 3;
  return [x];
}
const ctx = __init_ctx();
let updating = false;
dirty.fill(255);
__update(dirty, true);
dirty.fill(0);
function __update(dirty, initial) {
  if (dirty[0] & 1) elems[0].data = ctx[0];
}
__update(null, true);
function __schedule_update(ctx_idx, val) {
  ctx[ctx_idx] = val;
  dirty[Math.max(Math.ceil(ctx_idx / 8) - 1, 0)] |= 1 << (ctx_idx % 8);
  if (updating) return;
  updating = true;
  Promise.resolve().then(() => {
    __update(dirty, false);
    updating = false;
    dirty.fill(0);
  });
}

---
<span id="0"></span>
