---
source: crates/decorous-backend/src/prerender/mod.rs
expression: output
---
let x = 3;
const elems = {"0":replace(document.getElementById("0")),};
function replace(node) {
  const text = document.createTextNode("");
  node.replaceWith(text);
  return text;
}
function __update(dirty, initial) {
  if (initial) elems[0].data = x;
}
dirty.fill(255);
__update(dirty, true);
dirty.fill(0);

---
<span id="0"></span>
