---
source: crates/decorous-backend/src/prerender/mod.rs
expression: output
---
const dirty = new Uint8Array(new ArrayBuffer(1));
function replace(node) {
  const text = document.createTextNode("");
  node.replaceWith(text);
  return text;
}
const elems = {"2":replace(document.getElementById("2")),"custom":document.getElementById("custom"),};
function __init_ctx() {
  let __closure1 = () => console.log(1 + 1);
  let x = 3;
  elems["custom"].addEventListener("click", () => console.log(1 + 1));
  return [x,__closure1];
}
const ctx = __init_ctx();
let updating = false;
dirty.fill(255);
__update(dirty, true);
dirty.fill(0);
function __update(dirty, initial) {
  if (dirty[0] & 1) elems[2].data = ctx[0];
  if (initial) elems["custom"].setAttribute("class", 1 + 1);
}
function __schedule_update(ctx_idx, val) {
  ctx[ctx_idx] = val;
  dirty[Math.max(Math.ceil(ctx_idx / 8) - 1, 0)] |= 1 << (ctx_idx % 8);
  if (updating) return;
  updating = true;
  Promise.resolve().then(() => {
    __update(dirty, false);
    updating = false;
    dirty.fill(0);
  });
}

---
<p id="custom">Hello, <span id="2"></span>!</p>
