---
source: crates/decorous-backend/src/prerender/mod.rs
expression: output
---
let x = 0;
function create_0_block(target, anchor) {
function mount(target, newNode, anchor) {
target.insertBefore(newNode, anchor || null);
}
const e1 = document.createTextNode("wow ");
mount(target, e1, anchor);
return {
u(dirty) {
},
d() {
e1.parentNode.removeChild(e1);
}
};
}
const elems = {"0": replace(document.getElementById("0")), "0_block": null, }
function replace(node) {
  const text = document.createTextNode("");
  node.replaceWith(text);
  return text;
}
function __update(dirty, initial) {
  if (x == 0) { if (elems["0_block"]) { elems["0_block"].u(dirty); } else { elems["0_block"] = create_0_block(elems["0"].parentNode, elems["0"]); } } else if (elems["0_block"]) { elems["0_block"].d(); elems["0_block"] = null; }
}
dirty.fill(255);
__update(dirty, true);
dirty.fill(0);

---
<span id="0"></span>
