---
source: crates/decorous-backend/src/prerender/mod.rs
expression: output
---
const elems = {"4": replace(document.getElementById("4")), }
function replace(node) {
  const text = document.createTextNode("");
  node.replaceWith(text);
  return text;
}

function __update(dirty, initial) {
  if (initial) elems[4].data = name;
}
dirty.fill(255);
__update(dirty, true);
dirty.fill(0);

---
<div><p>Hi</p> Hello, <span id="4"></span></div>
