---
source: crates/decorous-frontend/src/parser.rs
expression: tree
---
DecorousAst {
    nodes: [
        Node {
            metadata: Location {
                start: 0,
                end: 13,
            },
            node_type: Comment(
                " hello ",
            ),
        },
    ],
    script: None,
    css: None,
}
