---
source: crates/decorous-frontend/src/parser.rs
expression: tree
---
DecorousAst {
    nodes: [
        Node {
            loc: Location {
                start: 0,
                end: 0,
            },
            node_type: Text(
                "你",
            ),
        },
    ],
    script: None,
}
