---
source: crates/decorous-frontend/src/parser.rs
expression: tree
---
DecorousAst {
    nodes: [
        Node {
            metadata: Location {
                start: 0,
                end: 37,
            },
            node_type: Element(
                Element {
                    tag: "p",
                    attrs: [
                        KeyValue(
                            "attr",
                            Some(
                                Literal(
                                    "one",
                                ),
                            ),
                        ),
                        KeyValue(
                            "attr2",
                            Some(
                                Literal(
                                    "two",
                                ),
                            ),
                        ),
                    ],
                    children: [
                        Node {
                            metadata: Location {
                                start: 30,
                                end: 33,
                            },
                            node_type: Text(
                                "text",
                            ),
                        },
                    ],
                },
            ),
        },
    ],
    script: None,
    css: None,
}
