---
source: decorous-frontend/src/parser.rs
expression: parser.parse_nodes()
---
[
    Node {
        loc: Location {
            start: 0,
            end: 16,
        },
        node_type: Element(
            Element {
                tag: "p",
                attrs: {
                    "attr": Some(
                        "你好",
                    ),
                },
                children: [],
            },
        ),
    },
]
