---
source: crates/decorous-frontend/src/parser.rs
expression: tree
---
DecorousAst {
    nodes: [
        Node {
            metadata: Location {
                start: 0,
                end: 11,
            },
            node_type: Comment(
                "hello",
            ),
        },
        Node {
            metadata: Location {
                start: 12,
                end: 18,
            },
            node_type: Element(
                Element {
                    tag: "p",
                    attrs: [],
                    children: [],
                },
            ),
        },
    ],
    script: None,
    css: None,
}
