---
source: crates/decorous-frontend/src/parser.rs
expression: tree
---
[
    Node {
        loc: Location {
            start: 3,
            end: 9,
        },
        node_type: Mustache(
            SCRIPT@0..5
              EXPR_STMT@0..5
                NAME_REF@0..5
                  IDENT@0..5 "hello"
            ,
        ),
    },
]
