---
source: crates/decorous-frontend/src/parser.rs
expression: tree
---
DecorousAst {
    nodes: [
        Node {
            metadata: Location {
                start: 36,
                end: 47,
            },
            node_type: Element(
                Element {
                    tag: "p",
                    attrs: [],
                    children: [
                        Node {
                            metadata: Location {
                                start: 39,
                                end: 43,
                            },
                            node_type: Text(
                                "Hello",
                            ),
                        },
                    ],
                },
            ),
        },
    ],
    script: None,
    css: Some(
        "hello { color: red; }",
    ),
}
