---
source: crates/decorous-frontend/src/parser.rs
expression: tree
---
DecorousAst {
    nodes: [
        Node {
            loc: Location {
                start: 0,
                end: 29,
            },
            node_type: Element(
                Element {
                    tag: "p",
                    attrs: [],
                    children: [
                        Node {
                            loc: Location {
                                start: 4,
                                end: 26,
                            },
                            node_type: Error,
                        },
                    ],
                },
            ),
        },
    ],
    script: None,
}
