---
source: crates/decorous-frontend/src/nom_parser.rs
expression: element(input)
---
Ok(
    (
        "",
        Element {
            tag: "div",
            attrs: [
                KeyValue(
                    "hello",
                    Some(
                        Literal(
                            "world",
                        ),
                    ),
                ),
            ],
            children: [],
        },
    ),
)
