---
source: crates/decorous-frontend/src/parser.rs
expression: tree
---
DecorousAst {
    nodes: [
        Node {
            metadata: Location {
                start: 0,
                end: 23,
            },
            node_type: Element(
                Element {
                    tag: "p",
                    attrs: [
                        EventHandler(
                            EventHandler {
                                event: "click",
                                expr: EXPR_STMT@0..5
                                  NAME_REF@0..5
                                    IDENT@0..5 "hello"
                                ,
                            },
                        ),
                    ],
                    children: [],
                },
            ),
        },
    ],
    script: None,
    css: None,
}
