---
source: crates/decorous-frontend/src/parser.rs
expression: tree
---
DecorousAst {
    nodes: [
        Node {
            loc: Location {
                start: 3,
                end: 7,
            },
            node_type: Text(
                "hello",
            ),
        },
    ],
    script: None,
    css: None,
}
