---
source: crates/decorous-frontend/src/nom_parser/mod.rs
expression: attribute(input.into())
---
Ok(
    (
        LocatedSpan {
            offset: 5,
            line: 1,
            fragment: "",
            extra: (),
        },
        KeyValue(
            "hello",
            None,
        ),
    ),
)
