---
source: crates/decorous-backend/src/lib.rs
expression: "String::from_utf8(out).unwrap()"
---
const dirty = new Uint8Array(new ArrayBuffer(1));
function make_fragment(ctx) {
let e0;
return {
c() {
e0 = document.createElement("div");
e0.setAttribute("class", ctx[0]);
},
m(target) {
target.appendChild(e0);
},
u(ctx, dirty) {
e0.setAttribute("class", ctx[0]);
},
d() {
e0.parentNode.removeChild(e0);
},
}
}
function __init_ctx() {
let x = 3;
function remake_x() { __schedule_update(0, x = 44); }
return [x,remake_x];
}
const ctx = __init_ctx();
const fragment = make_fragment(ctx);
fragment.c();
fragment.m(document.getElementById("app"));
let updating = false;
function __schedule_update(ctx_idx, val) {
ctx[ctx_idx] = val;
dirty[Math.max(Math.ceil(ctx_idx / 8) - 1, 0)] |= 1 << (ctx_idx % 8);
if (updating) return;
updating = true;
Promise.resolve().then(() => {
fragment.u(ctx, dirty);
updating = false;
dirty.fill(0);
});
}

