---
source: tests/tests.rs
expression: all
---

---index.html---
<!DOCTYPE html>
<html lang="en">
  <head>
    <meta charset="UTF-8" />
    <meta name="viewport" content="width=device-width, initial-scale=1" />
  </head>
  <body>
    <script async src="out/input.js"></script>
<script defer src="out.js"></script>

    <h1>Hello!</h1>

  </body>
</html>

---input.decor---
---c
#include <stdio.h>

int main() {
    printf("Hello World\n");
    return 0;
}
---

#h1:Hello!

---input.js---
IGNORED

---input.wasm---
COULD NOT BE READ: stream did not contain valid UTF-8

---out.js---
function replace(node) {
  const text = document.createTextNode("");
  node.replaceWith(text);
  return text;
}
const elems = {};
__update(null, true);
function __update(dirty, initial) {
}

