---
source: tests/tests.rs
expression: all
---

---index.html---
<!DOCTYPE html>
<html lang="en">
  <head>
    <meta charset="UTF-8" />
    <meta name="viewport" content="width=device-width, initial-scale=1" />
    <link href="out.css" rel="stylesheet" />
  </head>
  <body>
    <script type="module" src="out.js"></script>
    <div class="decor-0">CSS!</div>
  </body>
</html>


---input.decor---
#div CSS! /div

---css
div {
  color: red;
}
---

---out.css---
div.decor-0 {
  color: red;
}

---out.js---

