---
source: crates/decorous-backend/src/dom_render/mod.rs
expression: "String::from_utf8(out).unwrap()"
---
import data from "data";
let x = 3;
function __init_ctx() {

return [];
}
const dirty = new Uint8Array(new ArrayBuffer(0));
function create_main_block(target, anchor) {
function mount(target, newNode, anchor) {
target.insertBefore(newNode, anchor || null);
}
const e0 = document.createElement("p");
const e1 = document.createTextNode(x);
e0.appendChild(e1);
mount(target, e0, anchor);
return {
u(dirty) {
},
d() {
e0.parentNode.removeChild(e0);
}
};
}
const ctx = __init_ctx();
const fragment = create_main_block(document.getElementById("test"));
let updating = false;
function __schedule_update(ctx_idx, val) {
ctx[ctx_idx] = val;
dirty[Math.max(Math.ceil(ctx_idx / 8) - 1, 0)] |= 1 << (ctx_idx % 8);
if (updating) return;
updating = true;
Promise.resolve().then(() => {
fragment.u(dirty);
updating = false;
dirty.fill(0);
});
}

