---
source: crates/decorous-frontend/src/css/parser.rs
expression: parser.parse()
---
Ok(
    Css {
        rules: [
            Regular(
                RegularRule {
                    selector: Selector {
                        parts: [
                            SelectorPart {
                                text: Some(
                                    "p",
                                ),
                                pseudoes: [],
                            },
                        ],
                    },
                    declarations: [
                        Declaration {
                            name: "width",
                            values: [
                                Mustache(
                                    NAME_REF@0..1
                                      IDENT@0..1 "w"
                                    ,
                                ),
                                Css(
                                    "px",
                                ),
                            ],
                        },
                    ],
                },
            ),
        ],
    },
)
