---
source: crates/decorous-frontend/src/css/parser.rs
expression: parser.parse()
---
Err(
    ParseError {
        fragment: Location {
            offset: 0,
            length: 1,
            line: 1,
            column: 0,
        },
        help: None,
        err_type: ExpectedMediaQueryName,
    },
)
