---
source: crates/decorous-frontend/src/css/parser.rs
expression: parser.parse()
---
Ok(
    Css {
        rules: [
            Regular(
                RegularRule {
                    selector: [
                        Selector {
                            parts: [
                                SelectorPart {
                                    text: Some(
                                        "p.green",
                                    ),
                                    pseudoes: [
                                        Class {
                                            name: "has",
                                            value: Some(
                                                "h1, h2",
                                            ),
                                        },
                                        Class {
                                            name: "hover",
                                            value: None,
                                        },
                                    ],
                                },
                            ],
                        },
                    ],
                    declarations: [
                        Declaration {
                            name: "color",
                            values: [
                                Css(
                                    "green",
                                ),
                            ],
                        },
                    ],
                },
            ),
        ],
    },
)
