---
source: crates/decorous-frontend/src/css/parser.rs
expression: parser.parse()
---
Css {
    rules: [
        Regular(
            RegularRule {
                selector: Selector {
                    parts: [
                        SelectorPart {
                            text: Some(
                                "p",
                            ),
                            pseudoes: [],
                        },
                    ],
                },
                declarations: [
                    Declaration {
                        name: "width",
                        values: [
                            Mustache(
                                "w",
                            ),
                            Css(
                                "px",
                            ),
                        ],
                    },
                ],
            },
        ),
    ],
}
