---
source: crates/decorous-frontend/src/css/parser.rs
expression: parser.parse()
---
Ok(
    Css {
        rules: [
            Regular(
                RegularRule {
                    selector: Selector {
                        parts: [
                            SelectorPart {
                                text: Some(
                                    "p",
                                ),
                                pseudoes: [],
                            },
                        ],
                    },
                    declarations: [
                        Declaration {
                            name: "color",
                            values: [
                                Css(
                                    "rgba(1, 2, 3, 4)",
                                ),
                            ],
                        },
                    ],
                },
            ),
        ],
    },
)
